2026-09-28T12:06:24Z
dw-server237-pg-20260928-server-1|74.82%|92.83MiB / 15.48GiB|12
dw-server237-pg-20260928-worker-1|0.59%|47.09MiB / 15.48GiB|1
dw-server237-pg-20260928-scheduler-1|0.00%|1.887MiB / 15.48GiB|3
dw-server237-pg-20260928-pgsql-1|87.16%|65.61MiB / 15.48GiB|14
dw-server237-pg-20260928-redis-1|0.56%|3.113MiB / 15.48GiB|5
dw-server237-pg-20260928-probe-run-58b5031d8ab1|4.55%|30.95MiB / 1GiB|4
2026-09-28T12:06:41Z
dw-server237-pg-20260928-server-1|57.53%|90.11MiB / 15.48GiB|12
dw-server237-pg-20260928-worker-1|3.30%|47.12MiB / 15.48GiB|1
dw-server237-pg-20260928-scheduler-1|30.32%|37.62MiB / 15.48GiB|3
dw-server237-pg-20260928-pgsql-1|91.66%|67.16MiB / 15.48GiB|14
dw-server237-pg-20260928-redis-1|0.55%|3.004MiB / 15.48GiB|5
dw-server237-pg-20260928-probe-run-58b5031d8ab1|4.87%|30.98MiB / 1GiB|4
2026-09-28T12:06:59Z
dw-server237-pg-20260928-server-1|83.96%|90.41MiB / 15.48GiB|12
dw-server237-pg-20260928-worker-1|0.20%|47.18MiB / 15.48GiB|1
dw-server237-pg-20260928-scheduler-1|0.00%|1.898MiB / 15.48GiB|3
dw-server237-pg-20260928-pgsql-1|85.08%|64.37MiB / 15.48GiB|12
dw-server237-pg-20260928-redis-1|0.59%|2.996MiB / 15.48GiB|5
dw-server237-pg-20260928-probe-run-58b5031d8ab1|4.45%|30.97MiB / 1GiB|4
2026-09-28T12:07:16Z
dw-server237-pg-20260928-server-1|74.12%|90.23MiB / 15.48GiB|12
dw-server237-pg-20260928-worker-1|2.89%|47.27MiB / 15.48GiB|1
dw-server237-pg-20260928-scheduler-1|2.92%|1.895MiB / 15.48GiB|3
dw-server237-pg-20260928-pgsql-1|86.04%|69.76MiB / 15.48GiB|14
dw-server237-pg-20260928-redis-1|0.50%|2.992MiB / 15.48GiB|5
dw-server237-pg-20260928-probe-run-58b5031d8ab1|7.94%|31MiB / 1GiB|4
2026-09-28T12:07:34Z
dw-server237-pg-20260928-server-1|73.26%|90.36MiB / 15.48GiB|12
dw-server237-pg-20260928-worker-1|0.16%|47.38MiB / 15.48GiB|1
dw-server237-pg-20260928-scheduler-1|0.00%|1.891MiB / 15.48GiB|3
dw-server237-pg-20260928-pgsql-1|87.48%|74.07MiB / 15.48GiB|15
dw-server237-pg-20260928-redis-1|0.53%|2.996MiB / 15.48GiB|5
dw-server237-pg-20260928-probe-run-58b5031d8ab1|4.55%|31.02MiB / 1GiB|5
2026-09-28T12:07:52Z
dw-server237-pg-20260928-server-1|54.83%|90.25MiB / 15.48GiB|12
dw-server237-pg-20260928-worker-1|2.78%|47.49MiB / 15.48GiB|1
dw-server237-pg-20260928-scheduler-1|0.00%|1.898MiB / 15.48GiB|3
dw-server237-pg-20260928-pgsql-1|73.67%|64.46MiB / 15.48GiB|10
dw-server237-pg-20260928-redis-1|0.57%|2.988MiB / 15.48GiB|5
dw-server237-pg-20260928-probe-run-58b5031d8ab1|5.94%|31.05MiB / 1GiB|5
2026-09-28T12:08:09Z
dw-server237-pg-20260928-server-1|84.68%|90.42MiB / 15.48GiB|12
dw-server237-pg-20260928-worker-1|0.15%|47.59MiB / 15.48GiB|1
dw-server237-pg-20260928-scheduler-1|0.00%|1.891MiB / 15.48GiB|3
dw-server237-pg-20260928-pgsql-1|80.75%|73.84MiB / 15.48GiB|15
dw-server237-pg-20260928-redis-1|0.56%|2.996MiB / 15.48GiB|5
dw-server237-pg-20260928-probe-run-58b5031d8ab1|4.64%|31.06MiB / 1GiB|5
2026-09-28T12:08:27Z
dw-server237-pg-20260928-server-1|64.23%|90.54MiB / 15.48GiB|12
dw-server237-pg-20260928-worker-1|2.90%|47.68MiB / 15.48GiB|1
dw-server237-pg-20260928-scheduler-1|0.00%|1.891MiB / 15.48GiB|3
dw-server237-pg-20260928-pgsql-1|88.48%|65.73MiB / 15.48GiB|9
dw-server237-pg-20260928-redis-1|0.54%|2.996MiB / 15.48GiB|5
dw-server237-pg-20260928-probe-run-58b5031d8ab1|3.50%|31.05MiB / 1GiB|5
2026-09-28T12:08:44Z
dw-server237-pg-20260928-server-1|72.94%|92.42MiB / 15.48GiB|12
dw-server237-pg-20260928-worker-1|0.14%|47.77MiB / 15.48GiB|1
dw-server237-pg-20260928-scheduler-1|0.00%|1.895MiB / 15.48GiB|3
dw-server237-pg-20260928-pgsql-1|91.84%|77.64MiB / 15.48GiB|14
dw-server237-pg-20260928-redis-1|0.49%|2.988MiB / 15.48GiB|5
dw-server237-pg-20260928-probe-run-58b5031d8ab1|4.68%|31.08MiB / 1GiB|5
2026-09-28T12:09:02Z
dw-server237-pg-20260928-server-1|68.89%|90.53MiB / 15.48GiB|12
dw-server237-pg-20260928-worker-1|0.18%|47.91MiB / 15.48GiB|1
dw-server237-pg-20260928-scheduler-1|0.00%|1.891MiB / 15.48GiB|3
dw-server237-pg-20260928-pgsql-1|91.44%|76.76MiB / 15.48GiB|13
dw-server237-pg-20260928-redis-1|0.49%|2.992MiB / 15.48GiB|5
dw-server237-pg-20260928-probe-run-58b5031d8ab1|3.27%|31.08MiB / 1GiB|5
2026-09-28T12:09:19Z
dw-server237-pg-20260928-server-1|65.30%|90.53MiB / 15.48GiB|12
dw-server237-pg-20260928-worker-1|0.21%|47.99MiB / 15.48GiB|1
dw-server237-pg-20260928-scheduler-1|41.26%|1.891MiB / 15.48GiB|3
dw-server237-pg-20260928-pgsql-1|91.11%|73.97MiB / 15.48GiB|11
dw-server237-pg-20260928-redis-1|0.54%|2.992MiB / 15.48GiB|5
dw-server237-pg-20260928-probe-run-58b5031d8ab1|4.46%|31.09MiB / 1GiB|5
2026-09-28T12:09:37Z
dw-server237-pg-20260928-server-1|60.93%|90.12MiB / 15.48GiB|12
dw-server237-pg-20260928-worker-1|0.26%|48.1MiB / 15.48GiB|1
dw-server237-pg-20260928-scheduler-1|0.00%|1.895MiB / 15.48GiB|3
dw-server237-pg-20260928-pgsql-1|80.54%|71.77MiB / 15.48GiB|11
dw-server237-pg-20260928-redis-1|3.64%|2.996MiB / 15.48GiB|5
dw-server237-pg-20260928-probe-run-58b5031d8ab1|5.97%|31.12MiB / 1GiB|5
2026-09-28T12:09:55Z
dw-server237-pg-20260928-server-1|69.36%|87.39MiB / 15.48GiB|12
dw-server237-pg-20260928-worker-1|0.16%|48.17MiB / 15.48GiB|1
dw-server237-pg-20260928-scheduler-1|8.63%|1.898MiB / 15.48GiB|3
dw-server237-pg-20260928-pgsql-1|91.39%|86.03MiB / 15.48GiB|15
dw-server237-pg-20260928-redis-1|0.52%|2.996MiB / 15.48GiB|5
dw-server237-pg-20260928-probe-run-58b5031d8ab1|4.57%|31.19MiB / 1GiB|6
2026-09-28T12:10:12Z
dw-server237-pg-20260928-server-1|70.75%|87.44MiB / 15.48GiB|12
dw-server237-pg-20260928-worker-1|0.19%|48.3MiB / 15.48GiB|1
dw-server237-pg-20260928-scheduler-1|2.72%|1.887MiB / 15.48GiB|3
dw-server237-pg-20260928-pgsql-1|93.22%|86.45MiB / 15.48GiB|15
dw-server237-pg-20260928-redis-1|3.04%|2.996MiB / 15.48GiB|5
dw-server237-pg-20260928-probe-run-58b5031d8ab1|3.80%|31.21MiB / 1GiB|6
2026-09-28T12:10:30Z
dw-server237-pg-20260928-server-1|51.57%|89.6MiB / 15.48GiB|12
dw-server237-pg-20260928-worker-1|0.14%|48.43MiB / 15.48GiB|1
dw-server237-pg-20260928-scheduler-1|52.77%|1.898MiB / 15.48GiB|3
dw-server237-pg-20260928-pgsql-1|92.53%|80.76MiB / 15.48GiB|11
dw-server237-pg-20260928-redis-1|0.45%|3MiB / 15.48GiB|5
dw-server237-pg-20260928-probe-run-58b5031d8ab1|3.67%|31.23MiB / 1GiB|6
2026-09-28T12:10:47Z
dw-server237-pg-20260928-server-1|60.63%|117.2MiB / 15.48GiB|12
dw-server237-pg-20260928-worker-1|0.62%|48.53MiB / 15.48GiB|1
dw-server237-pg-20260928-scheduler-1|3.18%|1.891MiB / 15.48GiB|3
dw-server237-pg-20260928-pgsql-1|34.63%|77.25MiB / 15.48GiB|9
dw-server237-pg-20260928-redis-1|3.24%|3.004MiB / 15.48GiB|5
dw-server237-pg-20260928-probe-run-58b5031d8ab1|0.00%|33.81MiB / 1GiB|8
2026-09-28T12:11:05Z
dw-server237-pg-20260928-server-1|114.33%|159.8MiB / 15.48GiB|7
dw-server237-pg-20260928-worker-1|0.15%|48.62MiB / 15.48GiB|1
dw-server237-pg-20260928-scheduler-1|79.14%|1.891MiB / 15.48GiB|3
dw-server237-pg-20260928-pgsql-1|25.06%|81.09MiB / 15.48GiB|10
dw-server237-pg-20260928-redis-1|0.49%|10.92MiB / 15.48GiB|5
dw-server237-pg-20260928-probe-run-58b5031d8ab1|0.22%|75.27MiB / 1GiB|8
2026-09-28T12:11:22Z
dw-server237-pg-20260928-server-1|88.35%|195.3MiB / 15.48GiB|7
dw-server237-pg-20260928-worker-1|0.17%|48.71MiB / 15.48GiB|1
dw-server237-pg-20260928-scheduler-1|0.00%|88.21MiB / 15.48GiB|3
dw-server237-pg-20260928-pgsql-1|12.21%|84.02MiB / 15.48GiB|10
dw-server237-pg-20260928-redis-1|0.34%|10.92MiB / 15.48GiB|5
dw-server237-pg-20260928-probe-run-58b5031d8ab1|0.00%|84.57MiB / 1GiB|8
2026-09-28T12:11:40Z
dw-server237-pg-20260928-server-1|61.19%|152.4MiB / 15.48GiB|7
dw-server237-pg-20260928-worker-1|0.13%|48.83MiB / 15.48GiB|1
dw-server237-pg-20260928-scheduler-1|0.00%|1.922MiB / 15.48GiB|3
dw-server237-pg-20260928-pgsql-1|34.58%|80.18MiB / 15.48GiB|9
dw-server237-pg-20260928-redis-1|0.33%|10.93MiB / 15.48GiB|5
dw-server237-pg-20260928-probe-run-58b5031d8ab1|0.00%|68.34MiB / 1GiB|8
2026-09-28T12:11:57Z
dw-server237-pg-20260928-server-1|76.71%|169.9MiB / 15.48GiB|7
dw-server237-pg-20260928-worker-1|98.85%|101.3MiB / 15.48GiB|1
dw-server237-pg-20260928-scheduler-1|0.00%|1.918MiB / 15.48GiB|3
dw-server237-pg-20260928-pgsql-1|34.15%|81.01MiB / 15.48GiB|9
dw-server237-pg-20260928-redis-1|0.27%|18.82MiB / 15.48GiB|5
dw-server237-pg-20260928-probe-run-58b5031d8ab1|0.00%|81.64MiB / 1GiB|8
2026-09-28T12:12:15Z
dw-server237-pg-20260928-server-1|82.94%|167.9MiB / 15.48GiB|7
dw-server237-pg-20260928-worker-1|0.17%|105MiB / 15.48GiB|1
dw-server237-pg-20260928-scheduler-1|0.00%|1.922MiB / 15.48GiB|3
dw-server237-pg-20260928-pgsql-1|19.70%|85.02MiB / 15.48GiB|9
dw-server237-pg-20260928-redis-1|0.46%|18.85MiB / 15.48GiB|5
dw-server237-pg-20260928-probe-run-58b5031d8ab1|0.00%|87.57MiB / 1GiB|8
2026-09-28T12:12:33Z
dw-server237-pg-20260928-server-1|89.38%|143.2MiB / 15.48GiB|7
dw-server237-pg-20260928-worker-1|0.15%|105MiB / 15.48GiB|1
dw-server237-pg-20260928-scheduler-1|0.00%|1.922MiB / 15.48GiB|3
dw-server237-pg-20260928-pgsql-1|11.82%|86.54MiB / 15.48GiB|9
dw-server237-pg-20260928-redis-1|0.32%|18.84MiB / 15.48GiB|5
dw-server237-pg-20260928-probe-run-58b5031d8ab1|0.00%|71.12MiB / 1GiB|8
2026-09-28T12:12:50Z
dw-server237-pg-20260928-server-1|58.67%|142.1MiB / 15.48GiB|7
dw-server237-pg-20260928-worker-1|3.36%|105.1MiB / 15.48GiB|1
dw-server237-pg-20260928-scheduler-1|2.88%|1.914MiB / 15.48GiB|3
dw-server237-pg-20260928-pgsql-1|34.04%|86.01MiB / 15.48GiB|9
dw-server237-pg-20260928-redis-1|0.27%|18.85MiB / 15.48GiB|5
dw-server237-pg-20260928-probe-run-58b5031d8ab1|0.00%|71.11MiB / 1GiB|8
2026-09-28T12:13:08Z
dw-server237-pg-20260928-server-1|82.87%|159.8MiB / 15.48GiB|7
dw-server237-pg-20260928-worker-1|99.34%|118.5MiB / 15.48GiB|1
dw-server237-pg-20260928-scheduler-1|53.02%|1.918MiB / 15.48GiB|3
dw-server237-pg-20260928-pgsql-1|38.53%|86.18MiB / 15.48GiB|9
dw-server237-pg-20260928-redis-1|0.29%|18.85MiB / 15.48GiB|5
dw-server237-pg-20260928-probe-run-58b5031d8ab1|0.00%|75.54MiB / 1GiB|8
2026-09-28T12:13:25Z
dw-server237-pg-20260928-server-1|57.97%|159.9MiB / 15.48GiB|7
dw-server237-pg-20260928-worker-1|2.80%|119.1MiB / 15.48GiB|1
dw-server237-pg-20260928-scheduler-1|0.00%|1.914MiB / 15.48GiB|3
dw-server237-pg-20260928-pgsql-1|38.57%|86.23MiB / 15.48GiB|9
dw-server237-pg-20260928-redis-1|0.28%|18.86MiB / 15.48GiB|5
dw-server237-pg-20260928-probe-run-58b5031d8ab1|0.00%|102.3MiB / 1GiB|8
2026-09-28T12:13:43Z
dw-server237-pg-20260928-server-1|96.63%|140.2MiB / 15.48GiB|7
dw-server237-pg-20260928-worker-1|0.16%|119.1MiB / 15.48GiB|1
dw-server237-pg-20260928-scheduler-1|0.00%|100.4MiB / 15.48GiB|3
dw-server237-pg-20260928-pgsql-1|11.97%|90.92MiB / 15.48GiB|10
dw-server237-pg-20260928-redis-1|0.37%|18.88MiB / 15.48GiB|5
dw-server237-pg-20260928-probe-run-58b5031d8ab1|0.00%|80.2MiB / 1GiB|8
2026-09-28T12:14:00Z
dw-server237-pg-20260928-server-1|66.53%|140.3MiB / 15.48GiB|7
dw-server237-pg-20260928-worker-1|3.14%|119.1MiB / 15.48GiB|1
dw-server237-pg-20260928-scheduler-1|0.00%|1.914MiB / 15.48GiB|3
dw-server237-pg-20260928-pgsql-1|16.65%|86.35MiB / 15.48GiB|9
dw-server237-pg-20260928-redis-1|0.38%|11.02MiB / 15.48GiB|5
dw-server237-pg-20260928-probe-run-58b5031d8ab1|0.00%|80.2MiB / 1GiB|8
2026-09-28T12:14:18Z
dw-server237-pg-20260928-server-1|60.52%|157.7MiB / 15.48GiB|7
dw-server237-pg-20260928-worker-1|89.91%|119.5MiB / 15.48GiB|1
dw-server237-pg-20260928-scheduler-1|0.00%|1.91MiB / 15.48GiB|3
dw-server237-pg-20260928-pgsql-1|36.70%|86.29MiB / 15.48GiB|9
dw-server237-pg-20260928-redis-1|0.27%|11.04MiB / 15.48GiB|5
dw-server237-pg-20260928-probe-run-58b5031d8ab1|0.00%|87.45MiB / 1GiB|8
2026-09-28T12:14:35Z
dw-server237-pg-20260928-server-1|60.43%|159.9MiB / 15.48GiB|7
dw-server237-pg-20260928-worker-1|2.75%|119.1MiB / 15.48GiB|1
dw-server237-pg-20260928-scheduler-1|88.56%|87.37MiB / 15.48GiB|3
dw-server237-pg-20260928-pgsql-1|43.92%|89.81MiB / 15.48GiB|10
dw-server237-pg-20260928-redis-1|0.28%|18.9MiB / 15.48GiB|5
dw-server237-pg-20260928-probe-run-58b5031d8ab1|0.00%|106.3MiB / 1GiB|8
2026-09-28T12:14:53Z
dw-server237-pg-20260928-server-1|57.91%|142.4MiB / 15.48GiB|7
dw-server237-pg-20260928-worker-1|0.54%|119.1MiB / 15.48GiB|1
dw-server237-pg-20260928-scheduler-1|0.00%|1.91MiB / 15.48GiB|3
dw-server237-pg-20260928-pgsql-1|8.44%|87.14MiB / 15.48GiB|9
dw-server237-pg-20260928-redis-1|0.38%|18.92MiB / 15.48GiB|5
dw-server237-pg-20260928-probe-run-58b5031d8ab1|0.29%|91.43MiB / 1GiB|8
2026-09-28T12:15:11Z
dw-server237-pg-20260928-server-1|53.99%|140.3MiB / 15.48GiB|7
dw-server237-pg-20260928-worker-1|2.83%|119.1MiB / 15.48GiB|1
dw-server237-pg-20260928-scheduler-1|2.74%|1.918MiB / 15.48GiB|3
dw-server237-pg-20260928-pgsql-1|45.52%|86.52MiB / 15.48GiB|9
dw-server237-pg-20260928-redis-1|4.06%|11.04MiB / 15.48GiB|5
dw-server237-pg-20260928-probe-run-58b5031d8ab1|0.00%|91.43MiB / 1GiB|8
2026-09-28T12:15:28Z
dw-server237-pg-20260928-server-1|77.31%|148.1MiB / 15.48GiB|7
dw-server237-pg-20260928-worker-1|97.61%|119.1MiB / 15.48GiB|1
dw-server237-pg-20260928-scheduler-1|0.00%|1.914MiB / 15.48GiB|3
dw-server237-pg-20260928-pgsql-1|23.16%|86.56MiB / 15.48GiB|9
dw-server237-pg-20260928-redis-1|0.53%|11.05MiB / 15.48GiB|5
dw-server237-pg-20260928-probe-run-58b5031d8ab1|0.00%|98.12MiB / 1GiB|8
2026-09-28T12:15:46Z
dw-server237-pg-20260928-server-1|60.26%|160.1MiB / 15.48GiB|7
dw-server237-pg-20260928-worker-1|0.67%|119.1MiB / 15.48GiB|1
dw-server237-pg-20260928-scheduler-1|0.00%|1.914MiB / 15.48GiB|3
dw-server237-pg-20260928-pgsql-1|41.49%|88.09MiB / 15.48GiB|10
dw-server237-pg-20260928-redis-1|3.19%|18.94MiB / 15.48GiB|5
dw-server237-pg-20260928-probe-run-58b5031d8ab1|0.00%|93.88MiB / 1GiB|8
2026-09-28T12:16:03Z
dw-server237-pg-20260928-server-1|60.28%|142.2MiB / 15.48GiB|7
dw-server237-pg-20260928-worker-1|0.17%|119.1MiB / 15.48GiB|1
dw-server237-pg-20260928-scheduler-1|25.06%|1.918MiB / 15.48GiB|3
dw-server237-pg-20260928-pgsql-1|11.71%|87.23MiB / 15.48GiB|9
dw-server237-pg-20260928-redis-1|0.46%|18.93MiB / 15.48GiB|5
dw-server237-pg-20260928-probe-run-58b5031d8ab1|0.00%|80.04MiB / 1GiB|8
2026-09-28T12:16:21Z
dw-server237-pg-20260928-server-1|54.33%|140.3MiB / 15.48GiB|7
dw-server237-pg-20260928-worker-1|0.14%|119.1MiB / 15.48GiB|1
dw-server237-pg-20260928-scheduler-1|2.72%|1.918MiB / 15.48GiB|3
dw-server237-pg-20260928-pgsql-1|43.01%|86.5MiB / 15.48GiB|9
dw-server237-pg-20260928-redis-1|4.19%|11.06MiB / 15.48GiB|5
dw-server237-pg-20260928-probe-run-58b5031d8ab1|0.00%|81.46MiB / 1GiB|8
2026-09-28T12:16:38Z
dw-server237-pg-20260928-server-1|58.27%|147.8MiB / 15.48GiB|7
dw-server237-pg-20260928-worker-1|56.86%|119.4MiB / 15.48GiB|1
dw-server237-pg-20260928-scheduler-1|29.73%|1.926MiB / 15.48GiB|3
dw-server237-pg-20260928-pgsql-1|47.90%|87.38MiB / 15.48GiB|9
dw-server237-pg-20260928-redis-1|0.34%|11.05MiB / 15.48GiB|5
dw-server237-pg-20260928-probe-run-58b5031d8ab1|15.17%|91.07MiB / 1GiB|8
2026-09-28T12:16:56Z
dw-server237-pg-20260928-server-1|76.55%|157.3MiB / 15.48GiB|7
dw-server237-pg-20260928-worker-1|0.14%|119.1MiB / 15.48GiB|1
dw-server237-pg-20260928-scheduler-1|53.30%|100.4MiB / 15.48GiB|3
dw-server237-pg-20260928-pgsql-1|25.58%|91.1MiB / 15.48GiB|10
dw-server237-pg-20260928-redis-1|3.05%|18.95MiB / 15.48GiB|5
dw-server237-pg-20260928-probe-run-58b5031d8ab1|16.58%|103.5MiB / 1GiB|8
2026-09-28T12:17:14Z
dw-server237-pg-20260928-server-1|80.83%|139.8MiB / 15.48GiB|7
dw-server237-pg-20260928-worker-1|0.16%|119.1MiB / 15.48GiB|1
dw-server237-pg-20260928-scheduler-1|7.69%|1.922MiB / 15.48GiB|3
dw-server237-pg-20260928-pgsql-1|35.80%|86.92MiB / 15.48GiB|9
dw-server237-pg-20260928-redis-1|0.33%|18.94MiB / 15.48GiB|5
dw-server237-pg-20260928-probe-run-58b5031d8ab1|0.00%|90.61MiB / 1GiB|8
2026-09-28T12:17:31Z
dw-server237-pg-20260928-server-1|90.01%|162.2MiB / 15.48GiB|7
dw-server237-pg-20260928-worker-1|0.16%|119.1MiB / 15.48GiB|1
dw-server237-pg-20260928-scheduler-1|0.00%|1.922MiB / 15.48GiB|3
dw-server237-pg-20260928-pgsql-1|10.62%|89.74MiB / 15.48GiB|10
dw-server237-pg-20260928-redis-1|0.35%|18.95MiB / 15.48GiB|5
dw-server237-pg-20260928-probe-run-58b5031d8ab1|0.22%|89.64MiB / 1GiB|8
2026-09-28T12:17:49Z
dw-server237-pg-20260928-server-1|96.42%|161.5MiB / 15.48GiB|7
dw-server237-pg-20260928-worker-1|16.36%|119.1MiB / 15.48GiB|1
dw-server237-pg-20260928-scheduler-1|93.64%|20.4MiB / 15.48GiB|3
dw-server237-pg-20260928-pgsql-1|13.85%|87.64MiB / 15.48GiB|9
dw-server237-pg-20260928-redis-1|0.38%|18.96MiB / 15.48GiB|5
dw-server237-pg-20260928-probe-run-58b5031d8ab1|0.00%|109.8MiB / 1GiB|8
2026-09-28T12:18:06Z
dw-server237-pg-20260928-server-1|88.13%|149.7MiB / 15.48GiB|7
dw-server237-pg-20260928-worker-1|0.16%|119.1MiB / 15.48GiB|1
dw-server237-pg-20260928-scheduler-1|0.00%|88.34MiB / 15.48GiB|3
dw-server237-pg-20260928-pgsql-1|11.43%|91.59MiB / 15.48GiB|10
dw-server237-pg-20260928-redis-1|0.36%|18.96MiB / 15.48GiB|5
dw-server237-pg-20260928-probe-run-58b5031d8ab1|0.29%|109.8MiB / 1GiB|8
2026-09-28T12:18:24Z
dw-server237-pg-20260928-server-1|57.72%|140MiB / 15.48GiB|7
dw-server237-pg-20260928-worker-1|0.17%|119.1MiB / 15.48GiB|1
dw-server237-pg-20260928-scheduler-1|0.00%|1.914MiB / 15.48GiB|3
dw-server237-pg-20260928-pgsql-1|33.90%|87.4MiB / 15.48GiB|9
dw-server237-pg-20260928-redis-1|0.31%|18.95MiB / 15.48GiB|5
dw-server237-pg-20260928-probe-run-58b5031d8ab1|0.41%|97.87MiB / 1GiB|8
2026-09-28T12:18:41Z
dw-server237-pg-20260928-server-1|55.12%|163.7MiB / 15.48GiB|7
dw-server237-pg-20260928-worker-1|0.16%|119.1MiB / 15.48GiB|1
dw-server237-pg-20260928-scheduler-1|88.40%|1.926MiB / 15.48GiB|3
dw-server237-pg-20260928-pgsql-1|7.12%|88.38MiB / 15.48GiB|9
dw-server237-pg-20260928-redis-1|0.45%|18.96MiB / 15.48GiB|5
dw-server237-pg-20260928-probe-run-58b5031d8ab1|0.00%|97.88MiB / 1GiB|8
2026-09-28T12:18:59Z
dw-server237-pg-20260928-server-1|90.18%|162.2MiB / 15.48GiB|7
dw-server237-pg-20260928-worker-1|30.36%|119.1MiB / 15.48GiB|1
dw-server237-pg-20260928-scheduler-1|0.00%|1.914MiB / 15.48GiB|3
dw-server237-pg-20260928-pgsql-1|14.78%|88.17MiB / 15.48GiB|9
dw-server237-pg-20260928-redis-1|0.34%|18.96MiB / 15.48GiB|5
dw-server237-pg-20260928-probe-run-58b5031d8ab1|0.00%|109.8MiB / 1GiB|8
2026-09-28T12:19:16Z
dw-server237-pg-20260928-server-1|116.06%|139.8MiB / 15.48GiB|7
dw-server237-pg-20260928-worker-1|0.16%|119.1MiB / 15.48GiB|1
dw-server237-pg-20260928-scheduler-1|0.00%|1.914MiB / 15.48GiB|3
dw-server237-pg-20260928-pgsql-1|6.82%|88.01MiB / 15.48GiB|9
dw-server237-pg-20260928-redis-1|0.43%|19.09MiB / 15.48GiB|5
dw-server237-pg-20260928-probe-run-58b5031d8ab1|2.09%|98.98MiB / 1GiB|8
2026-09-28T12:19:34Z
dw-server237-pg-20260928-server-1|58.27%|140.1MiB / 15.48GiB|7
dw-server237-pg-20260928-worker-1|0.13%|119.1MiB / 15.48GiB|1
dw-server237-pg-20260928-scheduler-1|0.00%|1.914MiB / 15.48GiB|3
dw-server237-pg-20260928-pgsql-1|33.01%|87.52MiB / 15.48GiB|9
dw-server237-pg-20260928-redis-1|0.26%|18.95MiB / 15.48GiB|5
dw-server237-pg-20260928-probe-run-58b5031d8ab1|0.00%|98.97MiB / 1GiB|8
2026-09-28T12:19:52Z
dw-server237-pg-20260928-server-1|62.56%|157.5MiB / 15.48GiB|7
dw-server237-pg-20260928-worker-1|88.13%|119.2MiB / 15.48GiB|1
dw-server237-pg-20260928-scheduler-1|0.00%|46.86MiB / 15.48GiB|3
dw-server237-pg-20260928-pgsql-1|45.38%|90.23MiB / 15.48GiB|10
dw-server237-pg-20260928-redis-1|0.37%|18.96MiB / 15.48GiB|5
dw-server237-pg-20260928-probe-run-58b5031d8ab1|0.31%|98.02MiB / 1GiB|8
2026-09-28T12:20:09Z
dw-server237-pg-20260928-server-1|36.14%|77.46MiB / 15.48GiB|7
dw-server237-pg-20260928-worker-1|2.94%|119.4MiB / 15.48GiB|1
dw-server237-pg-20260928-scheduler-1|0.00%|1.922MiB / 15.48GiB|3
dw-server237-pg-20260928-pgsql-1|6.13%|83.22MiB / 15.48GiB|7
dw-server237-pg-20260928-redis-1|0.17%|18.98MiB / 15.48GiB|5
dw-server237-pg-20260928-probe-run-58b5031d8ab1|12.21%|104.5MiB / 1GiB|6
