 Container server-2425-cleanup-20260928t2040-worker-1  Stopping
 Container server-2425-cleanup-20260928t2040-scheduler-1  Stopping
 Container server-2425-cleanup-20260928t2040-scheduler-1  Stopped
 Container server-2425-cleanup-20260928t2040-scheduler-1  Removing
 Container server-2425-cleanup-20260928t2040-worker-1  Stopped
 Container server-2425-cleanup-20260928t2040-worker-1  Removing
 Container server-2425-cleanup-20260928t2040-scheduler-1  Removed
 Container server-2425-cleanup-20260928t2040-worker-1  Removed
 Container server-2425-cleanup-20260928t2040-server-1  Stopping
 Container server-2425-cleanup-20260928t2040-server-1  Stopped
 Container server-2425-cleanup-20260928t2040-server-1  Removing
 Container server-2425-cleanup-20260928t2040-server-1  Removed
 Container server-2425-cleanup-20260928t2040-bootstrap-1  Stopping
 Container server-2425-cleanup-20260928t2040-bootstrap-1  Stopped
 Container server-2425-cleanup-20260928t2040-bootstrap-1  Removing
 Container server-2425-cleanup-20260928t2040-bootstrap-1  Removed
 Container server-2425-cleanup-20260928t2040-redis-1  Stopping
 Container server-2425-cleanup-20260928t2040-mysql-1  Stopping
 Container server-2425-cleanup-20260928t2040-redis-1  Stopped
 Container server-2425-cleanup-20260928t2040-redis-1  Removing
 Container server-2425-cleanup-20260928t2040-redis-1  Removed
 Container server-2425-cleanup-20260928t2040-mysql-1  Stopped
 Container server-2425-cleanup-20260928t2040-mysql-1  Removing
 Container server-2425-cleanup-20260928t2040-mysql-1  Removed
 Volume server-2425-cleanup-20260928t2040_mysql_data  Removing
 Network server-2425-cleanup-20260928t2040_default  Removing
 Volume server-2425-cleanup-20260928t2040_mysql_data  Removed
 Volume server-2425-cleanup-20260928t2040_redis_data  Removing
 Volume server-2425-cleanup-20260928t2040_redis_data  Removed
 Network server-2425-cleanup-20260928t2040_default  Removed
