2026-09-28T19:56:20Z
server-2424-ext-20260928t1936-probe-run-54b1584eb3eb | 6.48% | 33.5MiB / 1GiB | 3
server-2424-ext-20260928t1936-server-1 | 85.22% | 88.72MiB / 15.48GiB | 12
server-2424-ext-20260928t1936-worker-1 | 5.54% | 46.69MiB / 15.48GiB | 1
server-2424-ext-20260928t1936-scheduler-1 | 0.00% | 2.109MiB / 15.48GiB | 3
server-2424-ext-20260928t1936-mysql-1 | 37.85% | 515.7MiB / 15.48GiB | 44
server-2424-ext-20260928t1936-redis-1 | 0.55% | 3.254MiB / 15.48GiB | 5
2026-09-28T19:56:28Z
server-2424-ext-20260928t1936-probe-run-54b1584eb3eb | 7.08% | 33.5MiB / 1GiB | 3
server-2424-ext-20260928t1936-server-1 | 78.20% | 89.12MiB / 15.48GiB | 12
server-2424-ext-20260928t1936-worker-1 | 0.24% | 46.69MiB / 15.48GiB | 1
server-2424-ext-20260928t1936-scheduler-1 | 0.00% | 2.105MiB / 15.48GiB | 3
server-2424-ext-20260928t1936-mysql-1 | 43.32% | 518.5MiB / 15.48GiB | 44
server-2424-ext-20260928t1936-redis-1 | 0.53% | 3.25MiB / 15.48GiB | 5
2026-09-28T19:56:35Z
server-2424-ext-20260928t1936-probe-run-54b1584eb3eb | 6.11% | 32.92MiB / 1GiB | 3
server-2424-ext-20260928t1936-server-1 | 70.06% | 89.65MiB / 15.48GiB | 12
server-2424-ext-20260928t1936-worker-1 | 3.17% | 46.69MiB / 15.48GiB | 1
server-2424-ext-20260928t1936-scheduler-1 | 2.47% | 2.105MiB / 15.48GiB | 3
server-2424-ext-20260928t1936-mysql-1 | 43.41% | 519.5MiB / 15.48GiB | 44
server-2424-ext-20260928t1936-redis-1 | 3.55% | 3.25MiB / 15.48GiB | 5
2026-09-28T19:56:43Z
server-2424-ext-20260928t1936-probe-run-54b1584eb3eb | 10.07% | 32.96MiB / 1GiB | 4
server-2424-ext-20260928t1936-server-1 | 88.48% | 91.31MiB / 15.48GiB | 12
server-2424-ext-20260928t1936-worker-1 | 0.85% | 46.69MiB / 15.48GiB | 1
server-2424-ext-20260928t1936-scheduler-1 | 0.00% | 2.109MiB / 15.48GiB | 3
server-2424-ext-20260928t1936-mysql-1 | 46.03% | 521.2MiB / 15.48GiB | 44
server-2424-ext-20260928t1936-redis-1 | 0.55% | 3.242MiB / 15.48GiB | 5
2026-09-28T19:56:50Z
server-2424-ext-20260928t1936-probe-run-54b1584eb3eb | 6.36% | 32.97MiB / 1GiB | 4
server-2424-ext-20260928t1936-server-1 | 76.95% | 110.9MiB / 15.48GiB | 14
server-2424-ext-20260928t1936-worker-1 | 4.15% | 46.7MiB / 15.48GiB | 1
server-2424-ext-20260928t1936-scheduler-1 | 0.00% | 2.105MiB / 15.48GiB | 3
server-2424-ext-20260928t1936-mysql-1 | 45.81% | 525.2MiB / 15.48GiB | 44
server-2424-ext-20260928t1936-redis-1 | 0.46% | 3.254MiB / 15.48GiB | 5
2026-09-28T19:56:58Z
server-2424-ext-20260928t1936-probe-run-54b1584eb3eb | 7.01% | 32.98MiB / 1GiB | 4
server-2424-ext-20260928t1936-server-1 | 76.54% | 92.14MiB / 15.48GiB | 12
server-2424-ext-20260928t1936-worker-1 | 0.25% | 46.7MiB / 15.48GiB | 1
server-2424-ext-20260928t1936-scheduler-1 | 0.00% | 2.109MiB / 15.48GiB | 3
server-2424-ext-20260928t1936-mysql-1 | 47.27% | 526.2MiB / 15.48GiB | 44
server-2424-ext-20260928t1936-redis-1 | 0.62% | 3.242MiB / 15.48GiB | 5
2026-09-28T19:57:05Z
server-2424-ext-20260928t1936-probe-run-54b1584eb3eb | 7.19% | 32.96MiB / 1GiB | 4
server-2424-ext-20260928t1936-server-1 | 76.44% | 92.64MiB / 15.48GiB | 12
server-2424-ext-20260928t1936-worker-1 | 5.66% | 46.71MiB / 15.48GiB | 1
server-2424-ext-20260928t1936-scheduler-1 | 0.00% | 2.105MiB / 15.48GiB | 3
server-2424-ext-20260928t1936-mysql-1 | 50.46% | 528.3MiB / 15.48GiB | 44
server-2424-ext-20260928t1936-redis-1 | 3.87% | 3.258MiB / 15.48GiB | 5
2026-09-28T19:57:13Z
server-2424-ext-20260928t1936-probe-run-54b1584eb3eb | 4.97% | 32.98MiB / 1GiB | 4
server-2424-ext-20260928t1936-server-1 | 59.92% | 92.97MiB / 15.48GiB | 12
server-2424-ext-20260928t1936-worker-1 | 0.20% | 46.7MiB / 15.48GiB | 1
server-2424-ext-20260928t1936-scheduler-1 | 77.32% | 2.109MiB / 15.48GiB | 3
server-2424-ext-20260928t1936-mysql-1 | 39.92% | 529.4MiB / 15.48GiB | 44
server-2424-ext-20260928t1936-redis-1 | 0.48% | 3.242MiB / 15.48GiB | 5
2026-09-28T19:57:20Z
server-2424-ext-20260928t1936-probe-run-54b1584eb3eb | 7.86% | 33MiB / 1GiB | 4
server-2424-ext-20260928t1936-server-1 | 79.79% | 93.48MiB / 15.48GiB | 12
server-2424-ext-20260928t1936-worker-1 | 3.17% | 46.71MiB / 15.48GiB | 1
server-2424-ext-20260928t1936-scheduler-1 | 0.00% | 2.113MiB / 15.48GiB | 3
server-2424-ext-20260928t1936-mysql-1 | 47.96% | 530.6MiB / 15.48GiB | 44
server-2424-ext-20260928t1936-redis-1 | 0.56% | 3.246MiB / 15.48GiB | 5
2026-09-28T19:57:28Z
server-2424-ext-20260928t1936-probe-run-54b1584eb3eb | 6.62% | 32.98MiB / 1GiB | 4
server-2424-ext-20260928t1936-server-1 | 74.41% | 93.96MiB / 15.48GiB | 12
server-2424-ext-20260928t1936-worker-1 | 0.27% | 46.7MiB / 15.48GiB | 1
server-2424-ext-20260928t1936-scheduler-1 | 0.00% | 2.102MiB / 15.48GiB | 3
server-2424-ext-20260928t1936-mysql-1 | 46.92% | 531.5MiB / 15.48GiB | 44
server-2424-ext-20260928t1936-redis-1 | 0.58% | 3.242MiB / 15.48GiB | 5
2026-09-28T19:57:36Z
server-2424-ext-20260928t1936-probe-run-54b1584eb3eb | 6.59% | 32.99MiB / 1GiB | 4
server-2424-ext-20260928t1936-server-1 | 63.88% | 94.41MiB / 15.48GiB | 12
server-2424-ext-20260928t1936-worker-1 | 2.81% | 46.79MiB / 15.48GiB | 1
server-2424-ext-20260928t1936-scheduler-1 | 80.66% | 45.96MiB / 15.48GiB | 3
server-2424-ext-20260928t1936-mysql-1 | 38.56% | 532.7MiB / 15.48GiB | 44
server-2424-ext-20260928t1936-redis-1 | 2.95% | 6.066MiB / 15.48GiB | 12
2026-09-28T19:57:43Z
server-2424-ext-20260928t1936-probe-run-54b1584eb3eb | 5.44% | 32.98MiB / 1GiB | 4
server-2424-ext-20260928t1936-server-1 | 71.45% | 94.82MiB / 15.48GiB | 12
server-2424-ext-20260928t1936-worker-1 | 0.26% | 46.8MiB / 15.48GiB | 1
server-2424-ext-20260928t1936-scheduler-1 | 0.00% | 2.105MiB / 15.48GiB | 3
server-2424-ext-20260928t1936-mysql-1 | 48.47% | 534.9MiB / 15.48GiB | 44
server-2424-ext-20260928t1936-redis-1 | 0.54% | 3.242MiB / 15.48GiB | 5
2026-09-28T19:57:51Z
server-2424-ext-20260928t1936-probe-run-54b1584eb3eb | 0.00% | 34.81MiB / 1GiB | 6
server-2424-ext-20260928t1936-server-1 | 24.42% | 101.9MiB / 15.48GiB | 12
server-2424-ext-20260928t1936-worker-1 | 1.99% | 48.71MiB / 15.48GiB | 7
server-2424-ext-20260928t1936-scheduler-1 | 3.80% | 2.109MiB / 15.48GiB | 3
server-2424-ext-20260928t1936-mysql-1 | 21.38% | 535.4MiB / 15.48GiB | 44
server-2424-ext-20260928t1936-redis-1 | 0.45% | 3.254MiB / 15.48GiB | 5
2026-09-28T19:57:58Z
server-2424-ext-20260928t1936-probe-run-54b1584eb3eb | 0.00% | 34.88MiB / 1GiB | 6
server-2424-ext-20260928t1936-server-1 | 25.29% | 90.07MiB / 15.48GiB | 8
server-2424-ext-20260928t1936-worker-1 | 0.93% | 46.92MiB / 15.48GiB | 1
server-2424-ext-20260928t1936-scheduler-1 | 0.00% | 2.109MiB / 15.48GiB | 3
server-2424-ext-20260928t1936-mysql-1 | 22.44% | 535.4MiB / 15.48GiB | 44
server-2424-ext-20260928t1936-redis-1 | 0.64% | 3.254MiB / 15.48GiB | 5
2026-09-28T19:58:06Z
server-2424-ext-20260928t1936-probe-run-54b1584eb3eb | 0.00% | 34.92MiB / 1GiB | 6
server-2424-ext-20260928t1936-server-1 | 25.29% | 87.71MiB / 15.48GiB | 7
server-2424-ext-20260928t1936-worker-1 | 1.07% | 46.95MiB / 15.48GiB | 1
server-2424-ext-20260928t1936-scheduler-1 | 0.00% | 2.105MiB / 15.48GiB | 3
server-2424-ext-20260928t1936-mysql-1 | 22.81% | 535.9MiB / 15.48GiB | 44
server-2424-ext-20260928t1936-redis-1 | 0.45% | 3.262MiB / 15.48GiB | 5
2026-09-28T19:58:13Z
server-2424-ext-20260928t1936-probe-run-54b1584eb3eb | 0.00% | 34.95MiB / 1GiB | 6
server-2424-ext-20260928t1936-server-1 | 24.08% | 88.85MiB / 15.48GiB | 7
server-2424-ext-20260928t1936-worker-1 | 0.26% | 46.98MiB / 15.48GiB | 1
server-2424-ext-20260928t1936-scheduler-1 | 0.00% | 2.109MiB / 15.48GiB | 3
server-2424-ext-20260928t1936-mysql-1 | 21.41% | 535.9MiB / 15.48GiB | 44
server-2424-ext-20260928t1936-redis-1 | 0.51% | 3.273MiB / 15.48GiB | 5
2026-09-28T19:58:21Z
server-2424-ext-20260928t1936-probe-run-54b1584eb3eb | 7.78% | 42.67MiB / 1GiB | 6
server-2424-ext-20260928t1936-server-1 | 49.52% | 79.63MiB / 15.48GiB | 7
server-2424-ext-20260928t1936-worker-1 | 0.26% | 47.02MiB / 15.48GiB | 1
server-2424-ext-20260928t1936-scheduler-1 | 0.00% | 2.105MiB / 15.48GiB | 3
server-2424-ext-20260928t1936-mysql-1 | 13.92% | 538.8MiB / 15.48GiB | 44
server-2424-ext-20260928t1936-redis-1 | 0.48% | 5.836MiB / 15.48GiB | 5
2026-09-28T19:58:28Z
server-2424-ext-20260928t1936-probe-run-54b1584eb3eb | 7.81% | 43MiB / 1GiB | 6
server-2424-ext-20260928t1936-server-1 | 48.91% | 79.71MiB / 15.48GiB | 7
server-2424-ext-20260928t1936-worker-1 | 0.27% | 47.07MiB / 15.48GiB | 1
server-2424-ext-20260928t1936-scheduler-1 | 0.00% | 2.109MiB / 15.48GiB | 3
server-2424-ext-20260928t1936-mysql-1 | 14.32% | 538.8MiB / 15.48GiB | 44
server-2424-ext-20260928t1936-redis-1 | 0.45% | 5.84MiB / 15.48GiB | 5
2026-09-28T19:58:36Z
server-2424-ext-20260928t1936-probe-run-54b1584eb3eb | 7.69% | 43.98MiB / 1GiB | 6
server-2424-ext-20260928t1936-server-1 | 46.51% | 79.87MiB / 15.48GiB | 7
server-2424-ext-20260928t1936-worker-1 | 0.24% | 47.12MiB / 15.48GiB | 1
server-2424-ext-20260928t1936-scheduler-1 | 7.85% | 2.102MiB / 15.48GiB | 3
server-2424-ext-20260928t1936-mysql-1 | 13.00% | 538.8MiB / 15.48GiB | 44
server-2424-ext-20260928t1936-redis-1 | 0.36% | 5.836MiB / 15.48GiB | 5
2026-09-28T19:58:44Z
server-2424-ext-20260928t1936-probe-run-54b1584eb3eb | 7.54% | 44.14MiB / 1GiB | 6
server-2424-ext-20260928t1936-server-1 | 67.47% | 79.81MiB / 15.48GiB | 7
server-2424-ext-20260928t1936-worker-1 | 0.26% | 47.16MiB / 15.48GiB | 1
server-2424-ext-20260928t1936-scheduler-1 | 0.01% | 2.105MiB / 15.48GiB | 3
server-2424-ext-20260928t1936-mysql-1 | 13.35% | 538.8MiB / 15.48GiB | 44
server-2424-ext-20260928t1936-redis-1 | 0.57% | 5.844MiB / 15.48GiB | 5
2026-09-28T19:58:51Z
server-2424-ext-20260928t1936-probe-run-54b1584eb3eb | 8.01% | 45.61MiB / 1GiB | 6
server-2424-ext-20260928t1936-server-1 | 50.04% | 80.02MiB / 15.48GiB | 7
server-2424-ext-20260928t1936-worker-1 | 0.22% | 47.19MiB / 15.48GiB | 1
server-2424-ext-20260928t1936-scheduler-1 | 0.00% | 2.105MiB / 15.48GiB | 3
server-2424-ext-20260928t1936-mysql-1 | 14.00% | 538.9MiB / 15.48GiB | 44
server-2424-ext-20260928t1936-redis-1 | 0.46% | 5.832MiB / 15.48GiB | 5
2026-09-28T19:58:59Z
server-2424-ext-20260928t1936-probe-run-54b1584eb3eb | 0.80% | 50.24MiB / 1GiB | 6
server-2424-ext-20260928t1936-server-1 | 81.91% | 94.8MiB / 15.48GiB | 7
server-2424-ext-20260928t1936-worker-1 | 0.18% | 47.25MiB / 15.48GiB | 1
server-2424-ext-20260928t1936-scheduler-1 | 65.68% | 2.105MiB / 15.48GiB | 3
server-2424-ext-20260928t1936-mysql-1 | 15.82% | 539.1MiB / 15.48GiB | 44
server-2424-ext-20260928t1936-redis-1 | 0.61% | 5.836MiB / 15.48GiB | 5
2026-09-28T19:59:06Z
server-2424-ext-20260928t1936-probe-run-54b1584eb3eb | 0.00% | 50.23MiB / 1GiB | 6
server-2424-ext-20260928t1936-server-1 | 25.19% | 94.91MiB / 15.48GiB | 7
server-2424-ext-20260928t1936-worker-1 | 0.26% | 47.29MiB / 15.48GiB | 1
server-2424-ext-20260928t1936-scheduler-1 | 0.00% | 2.105MiB / 15.48GiB | 3
server-2424-ext-20260928t1936-mysql-1 | 21.90% | 539.1MiB / 15.48GiB | 44
server-2424-ext-20260928t1936-redis-1 | 0.45% | 5.836MiB / 15.48GiB | 5
2026-09-28T19:59:14Z
server-2424-ext-20260928t1936-probe-run-54b1584eb3eb | 0.00% | 50.24MiB / 1GiB | 6
server-2424-ext-20260928t1936-server-1 | 43.07% | 94.93MiB / 15.48GiB | 7
server-2424-ext-20260928t1936-worker-1 | 0.27% | 47.32MiB / 15.48GiB | 1
server-2424-ext-20260928t1936-scheduler-1 | 29.63% | 2.168MiB / 15.48GiB | 3
server-2424-ext-20260928t1936-mysql-1 | 20.33% | 539.4MiB / 15.48GiB | 44
server-2424-ext-20260928t1936-redis-1 | 0.50% | 5.836MiB / 15.48GiB | 5
2026-09-28T19:59:21Z
server-2424-ext-20260928t1936-probe-run-54b1584eb3eb | 0.00% | 50.24MiB / 1GiB | 6
server-2424-ext-20260928t1936-server-1 | 24.36% | 94.81MiB / 15.48GiB | 7
server-2424-ext-20260928t1936-worker-1 | 0.94% | 47.39MiB / 15.48GiB | 1
server-2424-ext-20260928t1936-scheduler-1 | 0.00% | 2.172MiB / 15.48GiB | 3
server-2424-ext-20260928t1936-mysql-1 | 21.48% | 539.4MiB / 15.48GiB | 44
server-2424-ext-20260928t1936-redis-1 | 0.43% | 5.84MiB / 15.48GiB | 5
2026-09-28T19:59:29Z
server-2424-ext-20260928t1936-probe-run-54b1584eb3eb | 0.23% | 53.46MiB / 1GiB | 6
server-2424-ext-20260928t1936-server-1 | 88.24% | 105.8MiB / 15.48GiB | 7
server-2424-ext-20260928t1936-worker-1 | 0.69% | 47.41MiB / 15.48GiB | 1
server-2424-ext-20260928t1936-scheduler-1 | 0.00% | 2.172MiB / 15.48GiB | 3
server-2424-ext-20260928t1936-mysql-1 | 12.67% | 540.1MiB / 15.48GiB | 44
server-2424-ext-20260928t1936-redis-1 | 3.35% | 5.844MiB / 15.48GiB | 5
2026-09-28T19:59:36Z
server-2424-ext-20260928t1936-probe-run-54b1584eb3eb | 0.00% | 53.46MiB / 1GiB | 6
server-2424-ext-20260928t1936-server-1 | 25.23% | 102.8MiB / 15.48GiB | 7
server-2424-ext-20260928t1936-worker-1 | 0.18% | 47.44MiB / 15.48GiB | 1
server-2424-ext-20260928t1936-scheduler-1 | 68.69% | 38.13MiB / 15.48GiB | 3
server-2424-ext-20260928t1936-mysql-1 | 17.45% | 540.1MiB / 15.48GiB | 44
server-2424-ext-20260928t1936-redis-1 | 0.35% | 5.84MiB / 15.48GiB | 5
2026-09-28T19:59:44Z
server-2424-ext-20260928t1936-probe-run-54b1584eb3eb | 0.00% | 53.45MiB / 1GiB | 6
server-2424-ext-20260928t1936-server-1 | 24.69% | 102.8MiB / 15.48GiB | 7
server-2424-ext-20260928t1936-worker-1 | 0.21% | 47.49MiB / 15.48GiB | 1
server-2424-ext-20260928t1936-scheduler-1 | 0.00% | 2.164MiB / 15.48GiB | 3
server-2424-ext-20260928t1936-mysql-1 | 21.33% | 540.3MiB / 15.48GiB | 44
server-2424-ext-20260928t1936-redis-1 | 4.23% | 3.312MiB / 15.48GiB | 5
2026-09-28T19:59:51Z
server-2424-ext-20260928t1936-probe-run-54b1584eb3eb | 0.00% | 53.45MiB / 1GiB | 6
server-2424-ext-20260928t1936-server-1 | 24.52% | 102.8MiB / 15.48GiB | 7
server-2424-ext-20260928t1936-worker-1 | 0.24% | 47.52MiB / 15.48GiB | 1
server-2424-ext-20260928t1936-scheduler-1 | 3.83% | 2.164MiB / 15.48GiB | 3
server-2424-ext-20260928t1936-mysql-1 | 21.12% | 540.2MiB / 15.48GiB | 44
server-2424-ext-20260928t1936-redis-1 | 0.45% | 3.324MiB / 15.48GiB | 5
2026-09-28T19:59:59Z
server-2424-ext-20260928t1936-probe-run-54b1584eb3eb | 0.00% | 55.44MiB / 1GiB | 6
server-2424-ext-20260928t1936-server-1 | 64.77% | 110.8MiB / 15.48GiB | 7
server-2424-ext-20260928t1936-worker-1 | 0.54% | 47.61MiB / 15.48GiB | 1
server-2424-ext-20260928t1936-scheduler-1 | 0.00% | 2.16MiB / 15.48GiB | 3
server-2424-ext-20260928t1936-mysql-1 | 38.97% | 542.9MiB / 15.48GiB | 44
server-2424-ext-20260928t1936-redis-1 | 3.72% | 3.312MiB / 15.48GiB | 5
2026-09-28T20:00:07Z
server-2424-ext-20260928t1936-probe-run-54b1584eb3eb | 7.77% | 57.38MiB / 1GiB | 6
server-2424-ext-20260928t1936-server-1 | 48.70% | 81.2MiB / 15.48GiB | 7
server-2424-ext-20260928t1936-worker-1 | 0.26% | 47.66MiB / 15.48GiB | 1
server-2424-ext-20260928t1936-scheduler-1 | 3.68% | 2.168MiB / 15.48GiB | 3
server-2424-ext-20260928t1936-mysql-1 | 13.15% | 542.9MiB / 15.48GiB | 44
server-2424-ext-20260928t1936-redis-1 | 0.48% | 5.863MiB / 15.48GiB | 5
2026-09-28T20:00:14Z
server-2424-ext-20260928t1936-probe-run-54b1584eb3eb | 7.79% | 57.38MiB / 1GiB | 6
server-2424-ext-20260928t1936-server-1 | 48.36% | 81.24MiB / 15.48GiB | 7
server-2424-ext-20260928t1936-worker-1 | 0.28% | 47.66MiB / 15.48GiB | 1
server-2424-ext-20260928t1936-scheduler-1 | 0.00% | 2.168MiB / 15.48GiB | 3
server-2424-ext-20260928t1936-mysql-1 | 13.84% | 542.9MiB / 15.48GiB | 44
server-2424-ext-20260928t1936-redis-1 | 3.45% | 5.848MiB / 15.48GiB | 5
2026-09-28T20:00:22Z
server-2424-ext-20260928t1936-probe-run-54b1584eb3eb | 7.81% | 57.38MiB / 1GiB | 6
server-2424-ext-20260928t1936-server-1 | 48.03% | 81.15MiB / 15.48GiB | 7
server-2424-ext-20260928t1936-worker-1 | 0.25% | 47.68MiB / 15.48GiB | 1
server-2424-ext-20260928t1936-scheduler-1 | 3.87% | 2.172MiB / 15.48GiB | 3
server-2424-ext-20260928t1936-mysql-1 | 13.36% | 542.9MiB / 15.48GiB | 44
server-2424-ext-20260928t1936-redis-1 | 0.47% | 5.848MiB / 15.48GiB | 5
2026-09-28T20:00:29Z
server-2424-ext-20260928t1936-probe-run-54b1584eb3eb | 7.97% | 57.38MiB / 1GiB | 6
server-2424-ext-20260928t1936-server-1 | 47.53% | 81.18MiB / 15.48GiB | 7
server-2424-ext-20260928t1936-worker-1 | 1.08% | 47.76MiB / 15.48GiB | 1
server-2424-ext-20260928t1936-scheduler-1 | 0.00% | 2.172MiB / 15.48GiB | 3
server-2424-ext-20260928t1936-mysql-1 | 14.29% | 542.9MiB / 15.48GiB | 44
server-2424-ext-20260928t1936-redis-1 | 4.10% | 5.852MiB / 15.48GiB | 5
2026-09-28T20:00:37Z
server-2424-ext-20260928t1936-probe-run-54b1584eb3eb | 7.74% | 57.38MiB / 1GiB | 6
server-2424-ext-20260928t1936-server-1 | 47.70% | 81.2MiB / 15.48GiB | 7
server-2424-ext-20260928t1936-worker-1 | 0.27% | 47.79MiB / 15.48GiB | 1
server-2424-ext-20260928t1936-scheduler-1 | 10.47% | 2.176MiB / 15.48GiB | 3
server-2424-ext-20260928t1936-mysql-1 | 13.16% | 542.9MiB / 15.48GiB | 44
server-2424-ext-20260928t1936-redis-1 | 0.37% | 5.84MiB / 15.48GiB | 5
2026-09-28T20:00:44Z
server-2424-ext-20260928t1936-probe-run-54b1584eb3eb | 0.00% | 62.27MiB / 1GiB | 6
server-2424-ext-20260928t1936-server-1 | 16.74% | 96.92MiB / 15.48GiB | 7
server-2424-ext-20260928t1936-worker-1 | 95.81% | 72.81MiB / 15.48GiB | 1
server-2424-ext-20260928t1936-scheduler-1 | 0.00% | 2.176MiB / 15.48GiB | 3
server-2424-ext-20260928t1936-mysql-1 | 20.24% | 543.1MiB / 15.48GiB | 44
server-2424-ext-20260928t1936-redis-1 | 3.17% | 5.863MiB / 15.48GiB | 5
2026-09-28T20:00:52Z
server-2424-ext-20260928t1936-probe-run-54b1584eb3eb | 0.00% | 62.27MiB / 1GiB | 6
server-2424-ext-20260928t1936-server-1 | 25.33% | 96.94MiB / 15.48GiB | 7
server-2424-ext-20260928t1936-worker-1 | 0.25% | 74.91MiB / 15.48GiB | 1
server-2424-ext-20260928t1936-scheduler-1 | 4.11% | 2.172MiB / 15.48GiB | 3
server-2424-ext-20260928t1936-mysql-1 | 22.42% | 543MiB / 15.48GiB | 44
server-2424-ext-20260928t1936-redis-1 | 0.48% | 5.871MiB / 15.48GiB | 5
2026-09-28T20:00:59Z
server-2424-ext-20260928t1936-probe-run-54b1584eb3eb | 0.00% | 62.27MiB / 1GiB | 6
server-2424-ext-20260928t1936-server-1 | 19.62% | 97.1MiB / 15.48GiB | 7
server-2424-ext-20260928t1936-worker-1 | 2.87% | 74.89MiB / 15.48GiB | 1
server-2424-ext-20260928t1936-scheduler-1 | 80.17% | 2.184MiB / 15.48GiB | 3
server-2424-ext-20260928t1936-mysql-1 | 17.43% | 543MiB / 15.48GiB | 44
server-2424-ext-20260928t1936-redis-1 | 0.35% | 5.871MiB / 15.48GiB | 5
2026-09-28T20:01:07Z
server-2424-ext-20260928t1936-probe-run-54b1584eb3eb | 0.00% | 62.27MiB / 1GiB | 6
server-2424-ext-20260928t1936-server-1 | 32.30% | 97.16MiB / 15.48GiB | 7
server-2424-ext-20260928t1936-worker-1 | 0.27% | 74.91MiB / 15.48GiB | 1
server-2424-ext-20260928t1936-scheduler-1 | 3.95% | 2.172MiB / 15.48GiB | 3
server-2424-ext-20260928t1936-mysql-1 | 20.69% | 543MiB / 15.48GiB | 44
server-2424-ext-20260928t1936-redis-1 | 0.49% | 5.875MiB / 15.48GiB | 5
2026-09-28T20:01:15Z
server-2424-ext-20260928t1936-probe-run-54b1584eb3eb | 7.76% | 61.98MiB / 1GiB | 6
server-2424-ext-20260928t1936-server-1 | 50.76% | 83.31MiB / 15.48GiB | 7
server-2424-ext-20260928t1936-worker-1 | 0.25% | 74.89MiB / 15.48GiB | 1
server-2424-ext-20260928t1936-scheduler-1 | 0.00% | 2.172MiB / 15.48GiB | 3
server-2424-ext-20260928t1936-mysql-1 | 13.59% | 543.2MiB / 15.48GiB | 44
server-2424-ext-20260928t1936-redis-1 | 3.30% | 5.879MiB / 15.48GiB | 5
2026-09-28T20:01:22Z
server-2424-ext-20260928t1936-probe-run-54b1584eb3eb | 6.28% | 62.21MiB / 1GiB | 6
server-2424-ext-20260928t1936-server-1 | 36.43% | 83.2MiB / 15.48GiB | 7
server-2424-ext-20260928t1936-worker-1 | 0.64% | 74.89MiB / 15.48GiB | 1
server-2424-ext-20260928t1936-scheduler-1 | 98.92% | 36.2MiB / 15.48GiB | 3
server-2424-ext-20260928t1936-mysql-1 | 11.68% | 543.2MiB / 15.48GiB | 44
server-2424-ext-20260928t1936-redis-1 | 0.50% | 5.875MiB / 15.48GiB | 5
2026-09-28T20:01:30Z
server-2424-ext-20260928t1936-probe-run-54b1584eb3eb | 8.13% | 62.47MiB / 1GiB | 6
server-2424-ext-20260928t1936-server-1 | 50.02% | 83.3MiB / 15.48GiB | 7
server-2424-ext-20260928t1936-worker-1 | 0.25% | 74.89MiB / 15.48GiB | 1
server-2424-ext-20260928t1936-scheduler-1 | 0.00% | 2.168MiB / 15.48GiB | 3
server-2424-ext-20260928t1936-mysql-1 | 13.24% | 543.2MiB / 15.48GiB | 44
server-2424-ext-20260928t1936-redis-1 | 3.65% | 5.895MiB / 15.48GiB | 5
2026-09-28T20:01:37Z
server-2424-ext-20260928t1936-probe-run-54b1584eb3eb | 7.09% | 62.69MiB / 1GiB | 6
server-2424-ext-20260928t1936-server-1 | 64.09% | 83.19MiB / 15.48GiB | 7
server-2424-ext-20260928t1936-worker-1 | 0.27% | 74.89MiB / 15.48GiB | 1
server-2424-ext-20260928t1936-scheduler-1 | 3.75% | 2.172MiB / 15.48GiB | 3
server-2424-ext-20260928t1936-mysql-1 | 12.87% | 543.2MiB / 15.48GiB | 44
server-2424-ext-20260928t1936-redis-1 | 0.48% | 5.875MiB / 15.48GiB | 5
2026-09-28T20:01:45Z
server-2424-ext-20260928t1936-probe-run-54b1584eb3eb | 7.25% | 62.93MiB / 1GiB | 6
server-2424-ext-20260928t1936-server-1 | 44.41% | 83.21MiB / 15.48GiB | 7
server-2424-ext-20260928t1936-worker-1 | 4.94% | 74.94MiB / 15.48GiB | 1
server-2424-ext-20260928t1936-scheduler-1 | 53.36% | 27.96MiB / 15.48GiB | 3
server-2424-ext-20260928t1936-mysql-1 | 12.09% | 543.2MiB / 15.48GiB | 44
server-2424-ext-20260928t1936-redis-1 | 0.47% | 5.875MiB / 15.48GiB | 5
2026-09-28T20:01:52Z
server-2424-ext-20260928t1936-probe-run-54b1584eb3eb | 13.85% | 68.12MiB / 1GiB | 6
server-2424-ext-20260928t1936-server-1 | 58.61% | 109MiB / 15.48GiB | 7
server-2424-ext-20260928t1936-worker-1 | 0.27% | 74.89MiB / 15.48GiB | 1
server-2424-ext-20260928t1936-scheduler-1 | 2.96% | 2.168MiB / 15.48GiB | 3
server-2424-ext-20260928t1936-mysql-1 | 17.13% | 543.2MiB / 15.48GiB | 44
server-2424-ext-20260928t1936-redis-1 | 0.48% | 5.867MiB / 15.48GiB | 5
2026-09-28T20:02:00Z
server-2424-ext-20260928t1936-probe-run-54b1584eb3eb | 0.39% | 68.12MiB / 1GiB | 6
server-2424-ext-20260928t1936-server-1 | 21.61% | 97.41MiB / 15.48GiB | 7
server-2424-ext-20260928t1936-worker-1 | 2.77% | 74.91MiB / 15.48GiB | 1
server-2424-ext-20260928t1936-scheduler-1 | 82.16% | 2.168MiB / 15.48GiB | 3
server-2424-ext-20260928t1936-mysql-1 | 20.41% | 543.2MiB / 15.48GiB | 44
server-2424-ext-20260928t1936-redis-1 | 0.31% | 5.883MiB / 15.48GiB | 5
2026-09-28T20:02:07Z
server-2424-ext-20260928t1936-probe-run-54b1584eb3eb | 0.00% | 68.12MiB / 1GiB | 6
server-2424-ext-20260928t1936-server-1 | 40.79% | 114.1MiB / 15.48GiB | 9
server-2424-ext-20260928t1936-worker-1 | 1.09% | 74.89MiB / 15.48GiB | 1
server-2424-ext-20260928t1936-scheduler-1 | 4.09% | 2.164MiB / 15.48GiB | 3
server-2424-ext-20260928t1936-mysql-1 | 21.02% | 543.3MiB / 15.48GiB | 44
server-2424-ext-20260928t1936-redis-1 | 0.45% | 5.875MiB / 15.48GiB | 5
2026-09-28T20:02:15Z
server-2424-ext-20260928t1936-probe-run-54b1584eb3eb | 0.53% | 68.12MiB / 1GiB | 6
server-2424-ext-20260928t1936-server-1 | 28.90% | 97.42MiB / 15.48GiB | 7
server-2424-ext-20260928t1936-worker-1 | 2.94% | 74.9MiB / 15.48GiB | 1
server-2424-ext-20260928t1936-scheduler-1 | 0.00% | 2.176MiB / 15.48GiB | 3
server-2424-ext-20260928t1936-mysql-1 | 25.27% | 543.8MiB / 15.48GiB | 44
server-2424-ext-20260928t1936-redis-1 | 0.36% | 5.871MiB / 15.48GiB | 5
