 Container server237-coldcache-recheck-0138-worker-1  Stopping
 Container server237-coldcache-recheck-0138-scheduler-1  Stopping
 Container server237-coldcache-recheck-0138-scheduler-1  Stopped
 Container server237-coldcache-recheck-0138-scheduler-1  Removing
 Container server237-coldcache-recheck-0138-worker-1  Stopped
 Container server237-coldcache-recheck-0138-worker-1  Removing
 Container server237-coldcache-recheck-0138-scheduler-1  Removed
 Container server237-coldcache-recheck-0138-worker-1  Removed
 Container server237-coldcache-recheck-0138-server-1  Stopping
 Container server237-coldcache-recheck-0138-server-1  Stopped
 Container server237-coldcache-recheck-0138-server-1  Removing
 Container server237-coldcache-recheck-0138-server-1  Removed
 Container server237-coldcache-recheck-0138-bootstrap-1  Stopping
 Container server237-coldcache-recheck-0138-bootstrap-1  Stopped
 Container server237-coldcache-recheck-0138-bootstrap-1  Removing
 Container server237-coldcache-recheck-0138-bootstrap-1  Removed
 Container server237-coldcache-recheck-0138-redis-1  Stopping
 Container server237-coldcache-recheck-0138-mysql-1  Stopping
 Container server237-coldcache-recheck-0138-redis-1  Stopped
 Container server237-coldcache-recheck-0138-redis-1  Removing
 Container server237-coldcache-recheck-0138-redis-1  Removed
 Container server237-coldcache-recheck-0138-mysql-1  Stopped
 Container server237-coldcache-recheck-0138-mysql-1  Removing
 Container server237-coldcache-recheck-0138-mysql-1  Removed
 Volume server237-coldcache-recheck-0138_redis_data  Removing
 Volume server237-coldcache-recheck-0138_mysql_data  Removing
 Network server237-coldcache-recheck-0138_default  Removing
 Volume server237-coldcache-recheck-0138_mysql_data  Removed
 Volume server237-coldcache-recheck-0138_redis_data  Removed
 Network server237-coldcache-recheck-0138_default  Removed
