 Network server-2426-race-20260928t2113_default  Creating
 Network server-2426-race-20260928t2113_default  Created
 Volume "server-2426-race-20260928t2113_mysql_data"  Creating
 Volume "server-2426-race-20260928t2113_mysql_data"  Created
 Volume "server-2426-race-20260928t2113_redis_data"  Creating
 Volume "server-2426-race-20260928t2113_redis_data"  Created
 Container server-2426-race-20260928t2113-redis-1  Creating
 Container server-2426-race-20260928t2113-mysql-1  Creating
 Container server-2426-race-20260928t2113-mysql-1  Created
 Container server-2426-race-20260928t2113-redis-1  Created
 Container server-2426-race-20260928t2113-bootstrap-1  Creating
 Container server-2426-race-20260928t2113-bootstrap-1  Created
 Container server-2426-race-20260928t2113-server-1  Creating
 Container server-2426-race-20260928t2113-scheduler-1  Creating
 Container server-2426-race-20260928t2113-server-1  Created
 Container server-2426-race-20260928t2113-worker-1  Creating
 Container server-2426-race-20260928t2113-scheduler-1  Created
 Container server-2426-race-20260928t2113-worker-1  Created
 Container server-2426-race-20260928t2113-redis-1  Starting
 Container server-2426-race-20260928t2113-mysql-1  Starting
 Container server-2426-race-20260928t2113-redis-1  Started
 Container server-2426-race-20260928t2113-mysql-1  Started
 Container server-2426-race-20260928t2113-mysql-1  Waiting
 Container server-2426-race-20260928t2113-redis-1  Waiting
 Container server-2426-race-20260928t2113-redis-1  Healthy
 Container server-2426-race-20260928t2113-mysql-1  Healthy
 Container server-2426-race-20260928t2113-bootstrap-1  Starting
 Container server-2426-race-20260928t2113-bootstrap-1  Started
 Container server-2426-race-20260928t2113-redis-1  Waiting
 Container server-2426-race-20260928t2113-bootstrap-1  Waiting
 Container server-2426-race-20260928t2113-mysql-1  Waiting
 Container server-2426-race-20260928t2113-bootstrap-1  Waiting
 Container server-2426-race-20260928t2113-mysql-1  Waiting
 Container server-2426-race-20260928t2113-redis-1  Waiting
 Container server-2426-race-20260928t2113-redis-1  Healthy
 Container server-2426-race-20260928t2113-mysql-1  Healthy
 Container server-2426-race-20260928t2113-redis-1  Healthy
 Container server-2426-race-20260928t2113-mysql-1  Healthy
 Container server-2426-race-20260928t2113-bootstrap-1  Exited
 Container server-2426-race-20260928t2113-scheduler-1  Starting
 Container server-2426-race-20260928t2113-bootstrap-1  Exited
 Container server-2426-race-20260928t2113-server-1  Starting
 Container server-2426-race-20260928t2113-scheduler-1  Started
 Container server-2426-race-20260928t2113-server-1  Started
 Container server-2426-race-20260928t2113-mysql-1  Waiting
 Container server-2426-race-20260928t2113-redis-1  Waiting
 Container server-2426-race-20260928t2113-bootstrap-1  Waiting
 Container server-2426-race-20260928t2113-server-1  Waiting
 Container server-2426-race-20260928t2113-mysql-1  Healthy
 Container server-2426-race-20260928t2113-bootstrap-1  Exited
 Container server-2426-race-20260928t2113-redis-1  Healthy
 Container server-2426-race-20260928t2113-server-1  Healthy
 Container server-2426-race-20260928t2113-worker-1  Starting
 Container server-2426-race-20260928t2113-worker-1  Started
 Container server-2426-race-20260928t2113-worker-1  Waiting
 Container server-2426-race-20260928t2113-scheduler-1  Waiting
 Container server-2426-race-20260928t2113-mysql-1  Waiting
 Container server-2426-race-20260928t2113-redis-1  Waiting
 Container server-2426-race-20260928t2113-bootstrap-1  Waiting
 Container server-2426-race-20260928t2113-server-1  Waiting
 Container server-2426-race-20260928t2113-scheduler-1  Healthy
 Container server-2426-race-20260928t2113-bootstrap-1  Exited
 Container server-2426-race-20260928t2113-mysql-1  Healthy
 Container server-2426-race-20260928t2113-redis-1  Healthy
 Container server-2426-race-20260928t2113-server-1  Healthy
 Container server-2426-race-20260928t2113-worker-1  Healthy
