 Network server-2425-cache1024-20260928t2118_default  Creating
 Network server-2425-cache1024-20260928t2118_default  Created
 Volume "server-2425-cache1024-20260928t2118_mysql_data"  Creating
 Volume "server-2425-cache1024-20260928t2118_mysql_data"  Created
 Volume "server-2425-cache1024-20260928t2118_redis_data"  Creating
 Volume "server-2425-cache1024-20260928t2118_redis_data"  Created
 Container server-2425-cache1024-20260928t2118-redis-1  Creating
 Container server-2425-cache1024-20260928t2118-mysql-1  Creating
 Container server-2425-cache1024-20260928t2118-redis-1  Created
 Container server-2425-cache1024-20260928t2118-mysql-1  Created
 Container server-2425-cache1024-20260928t2118-bootstrap-1  Creating
 Container server-2425-cache1024-20260928t2118-bootstrap-1  Created
 Container server-2425-cache1024-20260928t2118-scheduler-1  Creating
 Container server-2425-cache1024-20260928t2118-server-1  Creating
 Container server-2425-cache1024-20260928t2118-scheduler-1  Created
 Container server-2425-cache1024-20260928t2118-server-1  Created
 Container server-2425-cache1024-20260928t2118-worker-1  Creating
 Container server-2425-cache1024-20260928t2118-worker-1  Created
 Container server-2425-cache1024-20260928t2118-mysql-1  Starting
 Container server-2425-cache1024-20260928t2118-redis-1  Starting
 Container server-2425-cache1024-20260928t2118-mysql-1  Started
 Container server-2425-cache1024-20260928t2118-redis-1  Started
 Container server-2425-cache1024-20260928t2118-mysql-1  Waiting
 Container server-2425-cache1024-20260928t2118-redis-1  Waiting
 Container server-2425-cache1024-20260928t2118-redis-1  Healthy
 Container server-2425-cache1024-20260928t2118-mysql-1  Healthy
 Container server-2425-cache1024-20260928t2118-bootstrap-1  Starting
 Container server-2425-cache1024-20260928t2118-bootstrap-1  Started
 Container server-2425-cache1024-20260928t2118-bootstrap-1  Waiting
 Container server-2425-cache1024-20260928t2118-redis-1  Waiting
 Container server-2425-cache1024-20260928t2118-bootstrap-1  Waiting
 Container server-2425-cache1024-20260928t2118-mysql-1  Waiting
 Container server-2425-cache1024-20260928t2118-mysql-1  Waiting
 Container server-2425-cache1024-20260928t2118-redis-1  Waiting
 Container server-2425-cache1024-20260928t2118-mysql-1  Healthy
 Container server-2425-cache1024-20260928t2118-redis-1  Healthy
 Container server-2425-cache1024-20260928t2118-mysql-1  Healthy
 Container server-2425-cache1024-20260928t2118-redis-1  Healthy
 Container server-2425-cache1024-20260928t2118-bootstrap-1  Exited
 Container server-2425-cache1024-20260928t2118-server-1  Starting
 Container server-2425-cache1024-20260928t2118-bootstrap-1  Exited
 Container server-2425-cache1024-20260928t2118-scheduler-1  Starting
 Container server-2425-cache1024-20260928t2118-server-1  Started
 Container server-2425-cache1024-20260928t2118-server-1  Waiting
 Container server-2425-cache1024-20260928t2118-mysql-1  Waiting
 Container server-2425-cache1024-20260928t2118-redis-1  Waiting
 Container server-2425-cache1024-20260928t2118-bootstrap-1  Waiting
 Container server-2425-cache1024-20260928t2118-scheduler-1  Started
 Container server-2425-cache1024-20260928t2118-redis-1  Healthy
 Container server-2425-cache1024-20260928t2118-mysql-1  Healthy
 Container server-2425-cache1024-20260928t2118-bootstrap-1  Exited
 Container server-2425-cache1024-20260928t2118-server-1  Healthy
 Container server-2425-cache1024-20260928t2118-worker-1  Starting
 Container server-2425-cache1024-20260928t2118-worker-1  Started
 Container server-2425-cache1024-20260928t2118-bootstrap-1  Waiting
 Container server-2425-cache1024-20260928t2118-server-1  Waiting
 Container server-2425-cache1024-20260928t2118-worker-1  Waiting
 Container server-2425-cache1024-20260928t2118-scheduler-1  Waiting
 Container server-2425-cache1024-20260928t2118-mysql-1  Waiting
 Container server-2425-cache1024-20260928t2118-redis-1  Waiting
 Container server-2425-cache1024-20260928t2118-redis-1  Healthy
 Container server-2425-cache1024-20260928t2118-scheduler-1  Healthy
 Container server-2425-cache1024-20260928t2118-server-1  Healthy
 Container server-2425-cache1024-20260928t2118-bootstrap-1  Exited
 Container server-2425-cache1024-20260928t2118-mysql-1  Healthy
 Container server-2425-cache1024-20260928t2118-worker-1  Healthy
