 Container server237-defaultcache-0126-scheduler-1  Stopping
 Container server237-defaultcache-0126-worker-1  Stopping
 Container server237-defaultcache-0126-worker-1  Stopped
 Container server237-defaultcache-0126-worker-1  Removing
 Container server237-defaultcache-0126-scheduler-1  Stopped
 Container server237-defaultcache-0126-scheduler-1  Removing
 Container server237-defaultcache-0126-worker-1  Removed
 Container server237-defaultcache-0126-server-1  Stopping
 Container server237-defaultcache-0126-scheduler-1  Removed
 Container server237-defaultcache-0126-server-1  Stopped
 Container server237-defaultcache-0126-server-1  Removing
 Container server237-defaultcache-0126-server-1  Removed
 Container server237-defaultcache-0126-bootstrap-1  Stopping
 Container server237-defaultcache-0126-bootstrap-1  Stopped
 Container server237-defaultcache-0126-bootstrap-1  Removing
 Container server237-defaultcache-0126-bootstrap-1  Removed
 Container server237-defaultcache-0126-redis-1  Stopping
 Container server237-defaultcache-0126-mysql-1  Stopping
 Container server237-defaultcache-0126-redis-1  Stopped
 Container server237-defaultcache-0126-redis-1  Removing
 Container server237-defaultcache-0126-redis-1  Removed
 Container server237-defaultcache-0126-mysql-1  Stopped
 Container server237-defaultcache-0126-mysql-1  Removing
 Container server237-defaultcache-0126-mysql-1  Removed
 Volume server237-defaultcache-0126_mysql_data  Removing
 Network server237-defaultcache-0126_default  Removing
 Volume server237-defaultcache-0126_redis_data  Removing
 Volume server237-defaultcache-0126_mysql_data  Removed
 Volume server237-defaultcache-0126_redis_data  Removed
 Network server237-defaultcache-0126_default  Removed
