 Container server237-coldcache-0108-worker-1  Stopping
 Container server237-coldcache-0108-scheduler-1  Stopping
 Container server237-coldcache-0108-scheduler-1  Stopped
 Container server237-coldcache-0108-scheduler-1  Removing
 Container server237-coldcache-0108-worker-1  Stopped
 Container server237-coldcache-0108-worker-1  Removing
 Container server237-coldcache-0108-scheduler-1  Removed
 Container server237-coldcache-0108-worker-1  Removed
 Container server237-coldcache-0108-server-1  Stopping
 Container server237-coldcache-0108-server-1  Stopped
 Container server237-coldcache-0108-server-1  Removing
 Container server237-coldcache-0108-server-1  Removed
 Container server237-coldcache-0108-bootstrap-1  Stopping
 Container server237-coldcache-0108-bootstrap-1  Stopped
 Container server237-coldcache-0108-bootstrap-1  Removing
 Container server237-coldcache-0108-bootstrap-1  Removed
 Container server237-coldcache-0108-mysql-1  Stopping
 Container server237-coldcache-0108-redis-1  Stopping
 Container server237-coldcache-0108-redis-1  Stopped
 Container server237-coldcache-0108-redis-1  Removing
 Container server237-coldcache-0108-redis-1  Removed
 Container server237-coldcache-0108-mysql-1  Stopped
 Container server237-coldcache-0108-mysql-1  Removing
 Container server237-coldcache-0108-mysql-1  Removed
 Volume server237-coldcache-0108_redis_data  Removing
 Volume server237-coldcache-0108_mysql_data  Removing
 Network server237-coldcache-0108_default  Removing
 Volume server237-coldcache-0108_redis_data  Removed
 Volume server237-coldcache-0108_mysql_data  Removed
 Network server237-coldcache-0108_default  Removed
