 Container server-2425-cache1024-20260928t2118-worker-1  Stopping
 Container server-2425-cache1024-20260928t2118-scheduler-1  Stopping
 Container server-2425-cache1024-20260928t2118-scheduler-1  Stopped
 Container server-2425-cache1024-20260928t2118-scheduler-1  Removing
 Container server-2425-cache1024-20260928t2118-worker-1  Stopped
 Container server-2425-cache1024-20260928t2118-worker-1  Removing
 Container server-2425-cache1024-20260928t2118-worker-1  Removed
 Container server-2425-cache1024-20260928t2118-server-1  Stopping
 Container server-2425-cache1024-20260928t2118-scheduler-1  Removed
 Container server-2425-cache1024-20260928t2118-server-1  Stopped
 Container server-2425-cache1024-20260928t2118-server-1  Removing
 Container server-2425-cache1024-20260928t2118-server-1  Removed
 Container server-2425-cache1024-20260928t2118-bootstrap-1  Stopping
 Container server-2425-cache1024-20260928t2118-bootstrap-1  Stopped
 Container server-2425-cache1024-20260928t2118-bootstrap-1  Removing
 Container server-2425-cache1024-20260928t2118-bootstrap-1  Removed
 Container server-2425-cache1024-20260928t2118-mysql-1  Stopping
 Container server-2425-cache1024-20260928t2118-redis-1  Stopping
 Container server-2425-cache1024-20260928t2118-redis-1  Stopped
 Container server-2425-cache1024-20260928t2118-redis-1  Removing
 Container server-2425-cache1024-20260928t2118-redis-1  Removed
 Container server-2425-cache1024-20260928t2118-mysql-1  Stopped
 Container server-2425-cache1024-20260928t2118-mysql-1  Removing
 Container server-2425-cache1024-20260928t2118-mysql-1  Removed
 Volume server-2425-cache1024-20260928t2118_mysql_data  Removing
 Network server-2425-cache1024-20260928t2118_default  Removing
 Volume server-2425-cache1024-20260928t2118_redis_data  Removing
 Volume server-2425-cache1024-20260928t2118_mysql_data  Removed
 Volume server-2425-cache1024-20260928t2118_redis_data  Removed
 Network server-2425-cache1024-20260928t2118_default  Removed
