 Container server-2426-race-20260928t2113-scheduler-1  Stopping
 Container server-2426-race-20260928t2113-worker-1  Stopping
 Container server-2426-race-20260928t2113-scheduler-1  Stopped
 Container server-2426-race-20260928t2113-scheduler-1  Removing
 Container server-2426-race-20260928t2113-scheduler-1  Removed
 Container server-2426-race-20260928t2113-worker-1  Stopped
 Container server-2426-race-20260928t2113-worker-1  Removing
 Container server-2426-race-20260928t2113-worker-1  Removed
 Container server-2426-race-20260928t2113-server-1  Stopping
 Container server-2426-race-20260928t2113-server-1  Stopped
 Container server-2426-race-20260928t2113-server-1  Removing
 Container server-2426-race-20260928t2113-server-1  Removed
 Container server-2426-race-20260928t2113-bootstrap-1  Stopping
 Container server-2426-race-20260928t2113-bootstrap-1  Stopped
 Container server-2426-race-20260928t2113-bootstrap-1  Removing
 Container server-2426-race-20260928t2113-bootstrap-1  Removed
 Container server-2426-race-20260928t2113-mysql-1  Stopping
 Container server-2426-race-20260928t2113-redis-1  Stopping
 Container server-2426-race-20260928t2113-redis-1  Stopped
 Container server-2426-race-20260928t2113-redis-1  Removing
 Container server-2426-race-20260928t2113-redis-1  Removed
 Container server-2426-race-20260928t2113-mysql-1  Stopped
 Container server-2426-race-20260928t2113-mysql-1  Removing
 Container server-2426-race-20260928t2113-mysql-1  Removed
 Volume server-2426-race-20260928t2113_mysql_data  Removing
 Volume server-2426-race-20260928t2113_redis_data  Removing
 Network server-2426-race-20260928t2113_default  Removing
 Volume server-2426-race-20260928t2113_redis_data  Removed
 Volume server-2426-race-20260928t2113_mysql_data  Removed
 Network server-2426-race-20260928t2113_default  Removed
