 Container dw237py2370427-worker-1  Stopping
 Container dw237py2370427-scheduler-1  Stopping
 Container dw237py2370427-scheduler-1  Stopped
 Container dw237py2370427-scheduler-1  Removing
 Container dw237py2370427-worker-1  Stopped
 Container dw237py2370427-worker-1  Removing
 Container dw237py2370427-scheduler-1  Removed
 Container dw237py2370427-worker-1  Removed
 Container dw237py2370427-server-1  Stopping
 Container dw237py2370427-server-1  Stopped
 Container dw237py2370427-server-1  Removing
 Container dw237py2370427-server-1  Removed
 Container dw237py2370427-bootstrap-1  Stopping
 Container dw237py2370427-bootstrap-1  Stopped
 Container dw237py2370427-bootstrap-1  Removing
 Container dw237py2370427-bootstrap-1  Removed
 Container dw237py2370427-mysql-1  Stopping
 Container dw237py2370427-redis-1  Stopping
 Container dw237py2370427-redis-1  Stopped
 Container dw237py2370427-redis-1  Removing
 Container dw237py2370427-redis-1  Removed
 Container dw237py2370427-mysql-1  Stopped
 Container dw237py2370427-mysql-1  Removing
 Container dw237py2370427-mysql-1  Removed
 Volume dw237py2370427_mysql_data  Removing
 Volume dw237py2370427_redis_data  Removing
 Network dw237py2370427_default  Removing
 Volume dw237py2370427_mysql_data  Removed
 Volume dw237py2370427_redis_data  Removed
 Network dw237py2370427_default  Removed
