 Container dw237sizemysql0929-scheduler-1  Stopping
 Container dw237sizemysql0929-worker-1  Stopping
 Container dw237sizemysql0929-scheduler-1  Stopped
 Container dw237sizemysql0929-scheduler-1  Removing
 Container dw237sizemysql0929-worker-1  Stopped
 Container dw237sizemysql0929-worker-1  Removing
 Container dw237sizemysql0929-scheduler-1  Removed
 Container dw237sizemysql0929-worker-1  Removed
 Container dw237sizemysql0929-server-1  Stopping
 Container dw237sizemysql0929-server-1  Stopped
 Container dw237sizemysql0929-server-1  Removing
 Container dw237sizemysql0929-server-1  Removed
 Container dw237sizemysql0929-bootstrap-1  Stopping
 Container dw237sizemysql0929-bootstrap-1  Stopped
 Container dw237sizemysql0929-bootstrap-1  Removing
 Container dw237sizemysql0929-bootstrap-1  Removed
 Container dw237sizemysql0929-redis-1  Stopping
 Container dw237sizemysql0929-mysql-1  Stopping
 Container dw237sizemysql0929-redis-1  Stopped
 Container dw237sizemysql0929-redis-1  Removing
 Container dw237sizemysql0929-redis-1  Removed
 Container dw237sizemysql0929-mysql-1  Stopped
 Container dw237sizemysql0929-mysql-1  Removing
 Container dw237sizemysql0929-mysql-1  Removed
 Volume dw237sizemysql0929_redis_data  Removing
 Volume dw237sizemysql0929_mysql_data  Removing
 Network dw237sizemysql0929_default  Removing
 Volume dw237sizemysql0929_redis_data  Removed
 Volume dw237sizemysql0929_mysql_data  Removed
 Network dw237sizemysql0929_default  Removed
