 Container dw237sizereplay0929-scheduler-1  Stopping
 Container dw237sizereplay0929-worker-1  Stopping
 Container dw237sizereplay0929-scheduler-1  Stopped
 Container dw237sizereplay0929-scheduler-1  Removing
 Container dw237sizereplay0929-worker-1  Stopped
 Container dw237sizereplay0929-worker-1  Removing
 Container dw237sizereplay0929-scheduler-1  Removed
 Container dw237sizereplay0929-worker-1  Removed
 Container dw237sizereplay0929-server-1  Stopping
 Container dw237sizereplay0929-server-1  Stopped
 Container dw237sizereplay0929-server-1  Removing
 Container dw237sizereplay0929-server-1  Removed
 Container dw237sizereplay0929-bootstrap-1  Stopping
 Container dw237sizereplay0929-bootstrap-1  Stopped
 Container dw237sizereplay0929-bootstrap-1  Removing
 Container dw237sizereplay0929-bootstrap-1  Removed
 Container dw237sizereplay0929-pgsql-1  Stopping
 Container dw237sizereplay0929-redis-1  Stopping
 Container dw237sizereplay0929-redis-1  Stopped
 Container dw237sizereplay0929-redis-1  Removing
 Container dw237sizereplay0929-redis-1  Removed
 Container dw237sizereplay0929-pgsql-1  Stopped
 Container dw237sizereplay0929-pgsql-1  Removing
 Container dw237sizereplay0929-pgsql-1  Removed
 Network dw237sizereplay0929_default  Removing
 Volume dw237sizereplay0929_pgsql_data  Removing
 Volume dw237sizereplay0929_redis_data  Removing
 Volume dw237sizereplay0929_pgsql_data  Removed
 Volume dw237sizereplay0929_redis_data  Removed
 Network dw237sizereplay0929_default  Removed
